Archive member included to satisfy reference by file (symbol)

/opt/st/stm32cubeide_1.15.0/plugins/com.st.stm32cube.ide.mcu.externaltools.gnu-tools-for-stm32.12.3.rel1.linux64_1.0.100.202403111256/tools/bin/../lib/gcc/arm-none-eabi/12.3.1/../../../../arm-none-eabi/lib/thumb/v7e-m/nofp/libc_nano.a(libc_a-exit.o)
                              /opt/st/stm32cubeide_1.15.0/plugins/com.st.stm32cube.ide.mcu.externaltools.gnu-tools-for-stm32.12.3.rel1.linux64_1.0.100.202403111256/tools/bin/../lib/gcc/arm-none-eabi/12.3.1/../../../../arm-none-eabi/lib/thumb/v7e-m/nofp/crt0.o (exit)
/opt/st/stm32cubeide_1.15.0/plugins/com.st.stm32cube.ide.mcu.externaltools.gnu-tools-for-stm32.12.3.rel1.linux64_1.0.100.202403111256/tools/bin/../lib/gcc/arm-none-eabi/12.3.1/../../../../arm-none-eabi/lib/thumb/v7e-m/nofp/libc_nano.a(libc_a-findfp.o)
                              /opt/st/stm32cubeide_1.15.0/plugins/com.st.stm32cube.ide.mcu.externaltools.gnu-tools-for-stm32.12.3.rel1.linux64_1.0.100.202403111256/tools/bin/../lib/gcc/arm-none-eabi/12.3.1/../../../../arm-none-eabi/lib/thumb/v7e-m/nofp/libc_nano.a(libc_a-exit.o) (__stdio_exit_handler)
/opt/st/stm32cubeide_1.15.0/plugins/com.st.stm32cube.ide.mcu.externaltools.gnu-tools-for-stm32.12.3.rel1.linux64_1.0.100.202403111256/tools/bin/../lib/gcc/arm-none-eabi/12.3.1/../../../../arm-none-eabi/lib/thumb/v7e-m/nofp/libc_nano.a(libc_a-fwalk.o)
                              /opt/st/stm32cubeide_1.15.0/plugins/com.st.stm32cube.ide.mcu.externaltools.gnu-tools-for-stm32.12.3.rel1.linux64_1.0.100.202403111256/tools/bin/../lib/gcc/arm-none-eabi/12.3.1/../../../../arm-none-eabi/lib/thumb/v7e-m/nofp/libc_nano.a(libc_a-findfp.o) (_fwalk_sglue)
/opt/st/stm32cubeide_1.15.0/plugins/com.st.stm32cube.ide.mcu.externaltools.gnu-tools-for-stm32.12.3.rel1.linux64_1.0.100.202403111256/tools/bin/../lib/gcc/arm-none-eabi/12.3.1/../../../../arm-none-eabi/lib/thumb/v7e-m/nofp/libc_nano.a(libc_a-stdio.o)
                              /opt/st/stm32cubeide_1.15.0/plugins/com.st.stm32cube.ide.mcu.externaltools.gnu-tools-for-stm32.12.3.rel1.linux64_1.0.100.202403111256/tools/bin/../lib/gcc/arm-none-eabi/12.3.1/../../../../arm-none-eabi/lib/thumb/v7e-m/nofp/libc_nano.a(libc_a-findfp.o) (__sread)
/opt/st/stm32cubeide_1.15.0/plugins/com.st.stm32cube.ide.mcu.externaltools.gnu-tools-for-stm32.12.3.rel1.linux64_1.0.100.202403111256/tools/bin/../lib/gcc/arm-none-eabi/12.3.1/../../../../arm-none-eabi/lib/thumb/v7e-m/nofp/libc_nano.a(libc_a-memset.o)
                              /opt/st/stm32cubeide_1.15.0/plugins/com.st.stm32cube.ide.mcu.externaltools.gnu-tools-for-stm32.12.3.rel1.linux64_1.0.100.202403111256/tools/bin/../lib/gcc/arm-none-eabi/12.3.1/../../../../arm-none-eabi/lib/thumb/v7e-m/nofp/crt0.o (memset)
/opt/st/stm32cubeide_1.15.0/plugins/com.st.stm32cube.ide.mcu.externaltools.gnu-tools-for-stm32.12.3.rel1.linux64_1.0.100.202403111256/tools/bin/../lib/gcc/arm-none-eabi/12.3.1/../../../../arm-none-eabi/lib/thumb/v7e-m/nofp/libc_nano.a(libc_a-strupr.o)
                              ./Src/main.o (strupr)
/opt/st/stm32cubeide_1.15.0/plugins/com.st.stm32cube.ide.mcu.externaltools.gnu-tools-for-stm32.12.3.rel1.linux64_1.0.100.202403111256/tools/bin/../lib/gcc/arm-none-eabi/12.3.1/../../../../arm-none-eabi/lib/thumb/v7e-m/nofp/libc_nano.a(libc_a-closer.o)
                              /opt/st/stm32cubeide_1.15.0/plugins/com.st.stm32cube.ide.mcu.externaltools.gnu-tools-for-stm32.12.3.rel1.linux64_1.0.100.202403111256/tools/bin/../lib/gcc/arm-none-eabi/12.3.1/../../../../arm-none-eabi/lib/thumb/v7e-m/nofp/libc_nano.a(libc_a-stdio.o) (_close_r)
/opt/st/stm32cubeide_1.15.0/plugins/com.st.stm32cube.ide.mcu.externaltools.gnu-tools-for-stm32.12.3.rel1.linux64_1.0.100.202403111256/tools/bin/../lib/gcc/arm-none-eabi/12.3.1/../../../../arm-none-eabi/lib/thumb/v7e-m/nofp/libc_nano.a(libc_a-reent.o)
                              /opt/st/stm32cubeide_1.15.0/plugins/com.st.stm32cube.ide.mcu.externaltools.gnu-tools-for-stm32.12.3.rel1.linux64_1.0.100.202403111256/tools/bin/../lib/gcc/arm-none-eabi/12.3.1/../../../../arm-none-eabi/lib/thumb/v7e-m/nofp/libc_nano.a(libc_a-closer.o) (errno)
/opt/st/stm32cubeide_1.15.0/plugins/com.st.stm32cube.ide.mcu.externaltools.gnu-tools-for-stm32.12.3.rel1.linux64_1.0.100.202403111256/tools/bin/../lib/gcc/arm-none-eabi/12.3.1/../../../../arm-none-eabi/lib/thumb/v7e-m/nofp/libc_nano.a(libc_a-impure.o)
                              /opt/st/stm32cubeide_1.15.0/plugins/com.st.stm32cube.ide.mcu.externaltools.gnu-tools-for-stm32.12.3.rel1.linux64_1.0.100.202403111256/tools/bin/../lib/gcc/arm-none-eabi/12.3.1/../../../../arm-none-eabi/lib/thumb/v7e-m/nofp/libc_nano.a(libc_a-reent.o) (_impure_ptr)
/opt/st/stm32cubeide_1.15.0/plugins/com.st.stm32cube.ide.mcu.externaltools.gnu-tools-for-stm32.12.3.rel1.linux64_1.0.100.202403111256/tools/bin/../lib/gcc/arm-none-eabi/12.3.1/../../../../arm-none-eabi/lib/thumb/v7e-m/nofp/libc_nano.a(libc_a-lseekr.o)
[...]
Memory Configuration

Name             Origin             Length             Attributes
CCMRAM           0x10000000         0x00010000         xrw
RAM              0x20000000         0x00020000         xrw
FLASH            0x08000000         0x00100000         xr
*default*        0x00000000         0xffffffff

Linker script and memory map

LOAD /opt/st/stm32cubeide_1.15.0/plugins/com.st.stm32cube.ide.mcu.externaltools.gnu-tools-for-stm32.12.3.rel1.linux64_1.0.100.202403111256/tools/bin/../lib/gcc/arm-none-eabi/12.3.1/thumb/v7e-m/nofp/crti.o
LOAD /opt/st/stm32cubeide_1.15.0/plugins/com.st.stm32cube.ide.mcu.externaltools.gnu-tools-for-stm32.12.3.rel1.linux64_1.0.100.202403111256/tools/bin/../lib/gcc/arm-none-eabi/12.3.1/thumb/v7e-m/nofp/crtbegin.o
LOAD /opt/st/stm32cubeide_1.15.0/plugins/com.st.stm32cube.ide.mcu.externaltools.gnu-tools-for-stm32.12.3.rel1.linux64_1.0.100.202403111256/tools/bin/../lib/gcc/arm-none-eabi/12.3.1/../../../../arm-none-eabi/lib/thumb/v7e-m/nofp/crt0.o
LOAD ./Src/itm.o
LOAD ./Src/main.o
LOAD ./Src/syscalls.o
LOAD ./Src/sysmem.o
LOAD ./Src/system_stm32f4xx.o
LOAD ./Src/uart.o
LOAD ./Startup/startup_stm32f407vgtx.o
START GROUP
LOAD /opt/st/stm32cubeide_1.15.0/plugins/com.st.stm32cube.ide.mcu.externaltools.gnu-tools-for-stm32.12.3.rel1.linux64_1.0.100.202403111256/tools/bin/../lib/gcc/arm-none-eabi/12.3.1/../../../../arm-none-eabi/lib/thumb/v7e-m/nofp/libc_nano.a
LOAD /opt/st/stm32cubeide_1.15.0/plugins/com.st.stm32cube.ide.mcu.externaltools.gnu-tools-for-stm32.12.3.rel1.linux64_1.0.100.202403111256/tools/bin/../lib/gcc/arm-none-eabi/12.3.1/../../../../arm-none-eabi/lib/thumb/v7e-m/nofp/libm.a
END GROUP
START GROUP
LOAD /opt/st/stm32cubeide_1.15.0/plugins/com.st.stm32cube.ide.mcu.externaltools.gnu-tools-for-stm32.12.3.rel1.linux64_1.0.100.202403111256/tools/bin/../lib/gcc/arm-none-eabi/12.3.1/thumb/v7e-m/nofp/libgcc.a
LOAD /opt/st/stm32cubeide_1.15.0/plugins/com.st.stm32cube.ide.mcu.externaltools.gnu-tools-for-stm32.12.3.rel1.linux64_1.0.100.202403111256/tools/bin/../lib/gcc/arm-none-eabi/12.3.1/../../../../arm-none-eabi/lib/thumb/v7e-m/nofp/libc_nano.a
END GROUP
START GROUP
LOAD /opt/st/stm32cubeide_1.15.0/plugins/com.st.stm32cube.ide.mcu.externaltools.gnu-tools-for-stm32.12.3.rel1.linux64_1.0.100.202403111256/tools/bin/../lib/gcc/arm-none-eabi/12.3.1/thumb/v7e-m/nofp/libgcc.a
LOAD /opt/st/stm32cubeide_1.15.0/plugins/com.st.stm32cube.ide.mcu.externaltools.gnu-tools-for-stm32.12.3.rel1.linux64_1.0.100.202403111256/tools/bin/../lib/gcc/arm-none-eabi/12.3.1/../../../../arm-none-eabi/lib/thumb/v7e-m/nofp/libc_nano.a
LOAD /opt/st/stm32cubeide_1.15.0/plugins/com.st.stm32cube.ide.mcu.externaltools.gnu-tools-for-stm32.12.3.rel1.linux64_1.0.100.202403111256/tools/bin/../lib/gcc/arm-none-eabi/12.3.1/../../../../arm-none-eabi/lib/thumb/v7e-m/nofp/libnosys.a
END GROUP
START GROUP
LOAD /opt/st/stm32cubeide_1.15.0/plugins/com.st.stm32cube.ide.mcu.externaltools.gnu-tools-for-stm32.12.3.rel1.linux64_1.0.100.202403111256/tools/bin/../lib/gcc/arm-none-eabi/12.3.1/thumb/v7e-m/nofp/libgcc.a
LOAD /opt/st/stm32cubeide_1.15.0/plugins/com.st.stm32cube.ide.mcu.externaltools.gnu-tools-for-stm32.12.3.rel1.linux64_1.0.100.202403111256/tools/bin/../lib/gcc/arm-none-eabi/12.3.1/../../../../arm-none-eabi/lib/thumb/v7e-m/nofp/libc_nano.a
LOAD /opt/st/stm32cubeide_1.15.0/plugins/com.st.stm32cube.ide.mcu.externaltools.gnu-tools-for-stm32.12.3.rel1.linux64_1.0.100.202403111256/tools/bin/../lib/gcc/arm-none-eabi/12.3.1/../../../../arm-none-eabi/lib/thumb/v7e-m/nofp/libnosys.a
END GROUP
LOAD /opt/st/stm32cubeide_1.15.0/plugins/com.st.stm32cube.ide.mcu.externaltools.gnu-tools-for-stm32.12.3.rel1.linux64_1.0.100.202403111256/tools/bin/../lib/gcc/arm-none-eabi/12.3.1/thumb/v7e-m/nofp/crtend.o
LOAD /opt/st/stm32cubeide_1.15.0/plugins/com.st.stm32cube.ide.mcu.externaltools.gnu-tools-for-stm32.12.3.rel1.linux64_1.0.100.202403111256/tools/bin/../lib/gcc/arm-none-eabi/12.3.1/thumb/v7e-m/nofp/crtn.o
                0x20020000                        _estack = (ORIGIN (RAM) + LENGTH (RAM))
                0x00000200                        _Min_Heap_Size = 0x200
                0x00000400                        _Min_Stack_Size = 0x400

.isr_vector     0x08000000      0x188
                0x08000000                        . = ALIGN (0x4)
 *(.isr_vector)
 .isr_vector    0x08000000      0x188 ./Startup/startup_stm32f407vgtx.o
                0x08000000                g_pfnVectors
                0x08000188                        . = ALIGN (0x4)

.text           0x08000188      0x374
                0x08000188                        . = ALIGN (0x4)
 *(.text)
 .text          0x08000188       0x40 /opt/st/stm32cubeide_1.15.0/plugins/com.st.stm32cube.ide.mcu.externaltools.gnu-tools-for-stm32.12.3.rel1.linux64_1.0.100.202403111256/tools/bin/../lib/gcc/arm-none-eabi/12.3.1/thumb/v7e-m/nofp/crtbegin.o
 *(.text*)
 .text.main     0x080001c8       0x38 ./Src/main.o
                0x080001c8                main
 .text.SystemInit
                0x08000200        0xc ./Src/system_stm32f4xx.o
                0x08000200                SystemInit
 .text.DWT_Init
                0x0800020c       0x60 ./Src/system_stm32f4xx.o
                0x0800020c                DWT_Init
 .text.UartInit
                0x0800026c       0xdc ./Src/uart.o
                0x0800026c                UartInit
 .text.UartPutch
                0x08000348       0x2c ./Src/uart.o
                0x08000348                UartPutch
 .text.UartGetch
                0x08000374       0x2c ./Src/uart.o
                0x08000374                UartGetch
 .text.UartPuts
                0x080003a0       0x38 ./Src/uart.o
                0x080003a0                UartPuts
 .text.UartGets
                0x080003d8       0x4c ./Src/uart.o
                0x080003d8                UartGets
 .text.Reset_Handler
                0x08000424       0x50 ./Startup/startup_stm32f407vgtx.o
                0x08000424                Reset_Handler
 .text.Default_Handler
                0x08000474        0x2 ./Startup/startup_stm32f407vgtx.o
                0x08000474                RTC_Alarm_IRQHandler
                0x08000474                HASH_RNG_IRQHandler
                0x08000474                EXTI2_IRQHandler
                0x08000474                TIM8_CC_IRQHandler
                0x08000474                DebugMon_Handler
                0x08000474                TIM1_CC_IRQHandler
                0x08000474                DMA2_Stream5_IRQHandler
                0x08000474                HardFault_Handler
                0x08000474                DMA1_Stream5_IRQHandler
                0x08000474                SysTick_Handler
                0x08000474                PVD_IRQHandler
                0x08000474                SDIO_IRQHandler
                0x08000474                TAMP_STAMP_IRQHandler
                0x08000474                PendSV_Handler
                0x08000474                NMI_Handler
                0x08000474                CAN2_RX1_IRQHandler
                0x08000474                EXTI3_IRQHandler
                0x08000474                TIM8_TRG_COM_TIM14_IRQHandler
                0x08000474                TIM1_UP_TIM10_IRQHandler
                0x08000474                TIM8_UP_TIM13_IRQHandler
                0x08000474                I2C3_ER_IRQHandler
                0x08000474                EXTI0_IRQHandler
                0x08000474                I2C2_EV_IRQHandler
                0x08000474                DMA1_Stream2_IRQHandler
                0x08000474                CAN1_RX0_IRQHandler
                0x08000474                FPU_IRQHandler
                0x08000474                OTG_HS_WKUP_IRQHandler
                0x08000474                UsageFault_Handler
                0x08000474                CAN2_SCE_IRQHandler
                0x08000474                DMA2_Stream2_IRQHandler
                0x08000474                SPI1_IRQHandler
                0x08000474                TIM6_DAC_IRQHandler
                0x08000474                TIM1_BRK_TIM9_IRQHandler
                0x08000474                DCMI_IRQHandler
                0x08000474                CAN2_RX0_IRQHandler
                0x08000474                DMA2_Stream3_IRQHandler
                0x08000474                USART6_IRQHandler
                0x08000474                USART3_IRQHandler
                0x08000474                CRYP_IRQHandler
                0x08000474                CAN1_RX1_IRQHandler
                0x08000474                UART5_IRQHandler
                0x08000474                DMA2_Stream0_IRQHandler
                0x08000474                TIM4_IRQHandler
                0x08000474                I2C1_EV_IRQHandler
                0x08000474                DMA1_Stream6_IRQHandler
                0x08000474                DMA1_Stream1_IRQHandler
                0x08000474                UART4_IRQHandler
                0x08000474                TIM3_IRQHandler
                0x08000474                RCC_IRQHandler
                0x08000474                TIM8_BRK_TIM12_IRQHandler
                0x08000474                Default_Handler
                0x08000474                EXTI15_10_IRQHandler
                0x08000474                ADC_IRQHandler
                0x08000474                DMA1_Stream7_IRQHandler
                0x08000474                TIM7_IRQHandler
                0x08000474                CAN2_TX_IRQHandler
                0x08000474                TIM5_IRQHandler
                0x08000474                DMA2_Stream7_IRQHandler
                0x08000474                I2C3_EV_IRQHandler
                0x08000474                EXTI9_5_IRQHandler
                0x08000474                RTC_WKUP_IRQHandler
                0x08000474                ETH_WKUP_IRQHandler
                0x08000474                SPI2_IRQHandler
                0x08000474                OTG_HS_EP1_IN_IRQHandler
                0x08000474                MemManage_Handler
                0x08000474                DMA1_Stream0_IRQHandler
                0x08000474                CAN1_TX_IRQHandler
                0x08000474                SVC_Handler
                0x08000474                EXTI4_IRQHandler
                0x08000474                FSMC_IRQHandler
                0x08000474                ETH_IRQHandler
                0x08000474                OTG_HS_EP1_OUT_IRQHandler
                0x08000474                WWDG_IRQHandler
                0x08000474                TIM2_IRQHandler
                0x08000474                OTG_FS_WKUP_IRQHandler
                0x08000474                TIM1_TRG_COM_TIM11_IRQHandler
                0x08000474                OTG_HS_IRQHandler
                0x08000474                EXTI1_IRQHandler
                0x08000474                USART2_IRQHandler
                0x08000474                I2C2_ER_IRQHandler
                0x08000474                DMA2_Stream1_IRQHandler
                0x08000474                CAN1_SCE_IRQHandler
                0x08000474                DMA2_Stream4_IRQHandler
                0x08000474                BusFault_Handler
                0x08000474                USART1_IRQHandler
                0x08000474                OTG_FS_IRQHandler
                0x08000474                SPI3_IRQHandler
                0x08000474                DMA1_Stream4_IRQHandler
                0x08000474                I2C1_ER_IRQHandler
                0x08000474                DMA2_Stream6_IRQHandler
                0x08000474                DMA1_Stream3_IRQHandler
 *fill*         0x08000476        0x2 
 .text.strupr   0x08000478       0x24 /opt/st/stm32cubeide_1.15.0/plugins/com.st.stm32cube.ide.mcu.externaltools.gnu-tools-for-stm32.12.3.rel1.linux64_1.0.100.202403111256/tools/bin/../lib/gcc/arm-none-eabi/12.3.1/../../../../arm-none-eabi/lib/thumb/v7e-m/nofp/libc_nano.a(libc_a-strupr.o)
                0x08000478                strupr
 .text.__libc_init_array
                0x0800049c       0x48 /opt/st/stm32cubeide_1.15.0/plugins/com.st.stm32cube.ide.mcu.externaltools.gnu-tools-for-stm32.12.3.rel1.linux64_1.0.100.202403111256/tools/bin/../lib/gcc/arm-none-eabi/12.3.1/../../../../arm-none-eabi/lib/thumb/v7e-m/nofp/libc_nano.a(libc_a-init.o)
                0x0800049c                __libc_init_array
 *(.glue_7)
 .glue_7        0x080004e4        0x0 linker stubs
 *(.glue_7t)
 .glue_7t       0x080004e4        0x0 linker stubs
 *(.eh_frame)
 .eh_frame      0x080004e4        0x0 /opt/st/stm32cubeide_1.15.0/plugins/com.st.stm32cube.ide.mcu.externaltools.gnu-tools-for-stm32.12.3.rel1.linux64_1.0.100.202403111256/tools/bin/../lib/gcc/arm-none-eabi/12.3.1/thumb/v7e-m/nofp/crtbegin.o
 *(.init)
 .init          0x080004e4        0x4 /opt/st/stm32cubeide_1.15.0/plugins/com.st.stm32cube.ide.mcu.externaltools.gnu-tools-for-stm32.12.3.rel1.linux64_1.0.100.202403111256/tools/bin/../lib/gcc/arm-none-eabi/12.3.1/thumb/v7e-m/nofp/crti.o
                0x080004e4                _init
 .init          0x080004e8        0x8 /opt/st/stm32cubeide_1.15.0/plugins/com.st.stm32cube.ide.mcu.externaltools.gnu-tools-for-stm32.12.3.rel1.linux64_1.0.100.202403111256/tools/bin/../lib/gcc/arm-none-eabi/12.3.1/thumb/v7e-m/nofp/crtn.o
 *(.fini)
 .fini          0x080004f0        0x4 /opt/st/stm32cubeide_1.15.0/plugins/com.st.stm32cube.ide.mcu.externaltools.gnu-tools-for-stm32.12.3.rel1.linux64_1.0.100.202403111256/tools/bin/../lib/gcc/arm-none-eabi/12.3.1/thumb/v7e-m/nofp/crti.o
                0x080004f0                _fini
 .fini          0x080004f4        0x8 /opt/st/stm32cubeide_1.15.0/plugins/com.st.stm32cube.ide.mcu.externaltools.gnu-tools-for-stm32.12.3.rel1.linux64_1.0.100.202403111256/tools/bin/../lib/gcc/arm-none-eabi/12.3.1/thumb/v7e-m/nofp/crtn.o
                0x080004fc                        . = ALIGN (0x4)
                0x080004fc                        _etext = .

.vfp11_veneer   0x080004fc        0x0
 .vfp11_veneer  0x080004fc        0x0 linker stubs

.v4_bx          0x080004fc        0x0
 .v4_bx         0x080004fc        0x0 linker stubs

.iplt           0x080004fc        0x0
 .iplt          0x080004fc        0x0 /opt/st/stm32cubeide_1.15.0/plugins/com.st.stm32cube.ide.mcu.externaltools.gnu-tools-for-stm32.12.3.rel1.linux64_1.0.100.202403111256/tools/bin/../lib/gcc/arm-none-eabi/12.3.1/thumb/v7e-m/nofp/crtbegin.o

.rodata         0x080004fc      0x114
                0x080004fc                        . = ALIGN (0x4)
 *(.rodata)
 .rodata        0x080004fc       0x13 ./Src/main.o
 *(.rodata*)
 .rodata._ctype_
                0x0800050f      0x101 /opt/st/stm32cubeide_1.15.0/plugins/com.st.stm32cube.ide.mcu.externaltools.gnu-tools-for-stm32.12.3.rel1.linux64_1.0.100.202403111256/tools/bin/../lib/gcc/arm-none-eabi/12.3.1/../../../../arm-none-eabi/lib/thumb/v7e-m/nofp/libc_nano.a(libc_a-ctype_.o)
                0x0800050f                _ctype_
                0x08000610                        . = ALIGN (0x4)

.ARM.extab      0x08000610        0x0
                0x08000610                        . = ALIGN (0x4)
 *(.ARM.extab* .gnu.linkonce.armextab.*)
                0x08000610                        . = ALIGN (0x4)

.ARM            0x08000610        0x0
                0x08000610                        . = ALIGN (0x4)
                0x08000610                        __exidx_start = .
 *(.ARM.exidx*)
                0x08000610                        __exidx_end = .
                0x08000610                        . = ALIGN (0x4)

.preinit_array  0x08000610        0x0
                0x08000610                        . = ALIGN (0x4)
                0x08000610                        PROVIDE (__preinit_array_start = .)
 *(.preinit_array*)
                0x08000610                        PROVIDE (__preinit_array_end = .)
                0x08000610                        . = ALIGN (0x4)

.init_array     0x08000610        0x4
                0x08000610                        . = ALIGN (0x4)
                0x08000610                        PROVIDE (__init_array_start = .)
 *(SORT_BY_NAME(.init_array.*))
 *(.init_array*)
 .init_array    0x08000610        0x4 /opt/st/stm32cubeide_1.15.0/plugins/com.st.stm32cube.ide.mcu.externaltools.gnu-tools-for-stm32.12.3.rel1.linux64_1.0.100.202403111256/tools/bin/../lib/gcc/arm-none-eabi/12.3.1/thumb/v7e-m/nofp/crtbegin.o
                0x08000614                        PROVIDE (__init_array_end = .)
                0x08000614                        . = ALIGN (0x4)

.fini_array     0x08000614        0x4
                0x08000614                        . = ALIGN (0x4)
                [!provide]                        PROVIDE (__fini_array_start = .)
 *(SORT_BY_NAME(.fini_array.*))
 *(.fini_array*)
 .fini_array    0x08000614        0x4 /opt/st/stm32cubeide_1.15.0/plugins/com.st.stm32cube.ide.mcu.externaltools.gnu-tools-for-stm32.12.3.rel1.linux64_1.0.100.202403111256/tools/bin/../lib/gcc/arm-none-eabi/12.3.1/thumb/v7e-m/nofp/crtbegin.o
                [!provide]                        PROVIDE (__fini_array_end = .)
                0x08000618                        . = ALIGN (0x4)
                0x08000618                        _sidata = LOADADDR (.data)

.rel.dyn        0x08000618        0x0
 .rel.iplt      0x08000618        0x0 /opt/st/stm32cubeide_1.15.0/plugins/com.st.stm32cube.ide.mcu.externaltools.gnu-tools-for-stm32.12.3.rel1.linux64_1.0.100.202403111256/tools/bin/../lib/gcc/arm-none-eabi/12.3.1/thumb/v7e-m/nofp/crtbegin.o

.data           0x20000000        0x0 load address 0x08000618
                0x20000000                        . = ALIGN (0x4)
                0x20000000                        _sdata = .
 *(.data)
 *(.data*)
 *(.RamFunc)
 *(.RamFunc*)
                0x20000000                        . = ALIGN (0x4)
                0x20000000                        _edata = .
                0x08000618                        _siccmram = LOADADDR (.ccmram)

.igot.plt       0x20000000        0x0 load address 0x08000618
 .igot.plt      0x20000000        0x0 /opt/st/stm32cubeide_1.15.0/plugins/com.st.stm32cube.ide.mcu.externaltools.gnu-tools-for-stm32.12.3.rel1.linux64_1.0.100.202403111256/tools/bin/../lib/gcc/arm-none-eabi/12.3.1/thumb/v7e-m/nofp/crtbegin.o

.ccmram         0x10000000        0x0 load address 0x08000618
                0x10000000                        . = ALIGN (0x4)
                0x10000000                        _sccmram = .
 *(.ccmram)
 *(.ccmram*)
                0x10000000                        . = ALIGN (0x4)
                0x10000000                        _eccmram = .
                0x10000000                        . = ALIGN (0x4)

.bss            0x20000000       0x1c
                0x20000000                        _sbss = .
                0x20000000                        __bss_start__ = _sbss
 *(.bss)
 .bss           0x20000000       0x1c /opt/st/stm32cubeide_1.15.0/plugins/com.st.stm32cube.ide.mcu.externaltools.gnu-tools-for-stm32.12.3.rel1.linux64_1.0.100.202403111256/tools/bin/../lib/gcc/arm-none-eabi/12.3.1/thumb/v7e-m/nofp/crtbegin.o
 *(.bss*)
 *(COMMON)
                0x2000001c                        . = ALIGN (0x4)
                0x2000001c                        _ebss = .
                0x2000001c                        __bss_end__ = _ebss

._user_heap_stack
                0x2000001c      0x604
                0x20000020                        . = ALIGN (0x8)
 *fill*         0x2000001c        0x4 
                [!provide]                        PROVIDE (end = .)
                0x20000020                        PROVIDE (_end = .)
                0x20000220                        . = (. + _Min_Heap_Size)
 *fill*         0x20000020      0x200 
                0x20000620                        . = (. + _Min_Stack_Size)
 *fill*         0x20000220      0x400 
                0x20000620                        . = ALIGN (0x8)

/DISCARD/
 libc.a(*)
 libm.a(*)
 libgcc.a(*)

.ARM.attributes
                0x00000000       0x2a
 *(.ARM.attributes)
 .ARM.attributes
                0x00000000       0x1e /opt/st/stm32cubeide_1.15.0/plugins/com.st.stm32cube.ide.mcu.externaltools.gnu-tools-for-stm32.12.3.rel1.linux64_1.0.100.202403111256/tools/bin/../lib/gcc/arm-none-eabi/12.3.1/thumb/v7e-m/nofp/crti.o
 .ARM.attributes
                0x0000001e       0x2e /opt/st/stm32cubeide_1.15.0/plugins/com.st.stm32cube.ide.mcu.externaltools.gnu-tools-for-stm32.12.3.rel1.linux64_1.0.100.202403111256/tools/bin/../lib/gcc/arm-none-eabi/12.3.1/thumb/v7e-m/nofp/crtbegin.o
 .ARM.attributes
                0x0000004c       0x2e ./Src/main.o
 .ARM.attributes
                0x0000007a       0x2e ./Src/system_stm32f4xx.o
 .ARM.attributes
                0x000000a8       0x2e ./Src/uart.o
 .ARM.attributes
                0x000000d6       0x21 ./Startup/startup_stm32f407vgtx.o
 .ARM.attributes
                0x000000f7       0x2e /opt/st/stm32cubeide_1.15.0/plugins/com.st.stm32cube.ide.mcu.externaltools.gnu-tools-for-stm32.12.3.rel1.linux64_1.0.100.202403111256/tools/bin/../lib/gcc/arm-none-eabi/12.3.1/../../../../arm-none-eabi/lib/thumb/v7e-m/nofp/libc_nano.a(libc_a-strupr.o)
 .ARM.attributes
                0x00000125       0x2e /opt/st/stm32cubeide_1.15.0/plugins/com.st.stm32cube.ide.mcu.externaltools.gnu-tools-for-stm32.12.3.rel1.linux64_1.0.100.202403111256/tools/bin/../lib/gcc/arm-none-eabi/12.3.1/../../../../arm-none-eabi/lib/thumb/v7e-m/nofp/libc_nano.a(libc_a-init.o)
 .ARM.attributes
                0x00000153       0x2e /opt/st/stm32cubeide_1.15.0/plugins/com.st.stm32cube.ide.mcu.externaltools.gnu-tools-for-stm32.12.3.rel1.linux64_1.0.100.202403111256/tools/bin/../lib/gcc/arm-none-eabi/12.3.1/../../../../arm-none-eabi/lib/thumb/v7e-m/nofp/libc_nano.a(libc_a-ctype_.o)
 .ARM.attributes
                0x00000181       0x1e /opt/st/stm32cubeide_1.15.0/plugins/com.st.stm32cube.ide.mcu.externaltools.gnu-tools-for-stm32.12.3.rel1.linux64_1.0.100.202403111256/tools/bin/../lib/gcc/arm-none-eabi/12.3.1/thumb/v7e-m/nofp/crtn.o
OUTPUT(Day07_1.elf elf32-littlearm)
LOAD linker stubs
LOAD /opt/st/stm32cubeide_1.15.0/plugins/com.st.stm32cube.ide.mcu.externaltools.gnu-tools-for-stm32.12.3.rel1.linux64_1.0.100.202403111256/tools/bin/../lib/gcc/arm-none-eabi/12.3.1/../../../../arm-none-eabi/lib/thumb/v7e-m/nofp/libc.a
LOAD /opt/st/stm32cubeide_1.15.0/plugins/com.st.stm32cube.ide.mcu.externaltools.gnu-tools-for-stm32.12.3.rel1.linux64_1.0.100.202403111256/tools/bin/../lib/gcc/arm-none-eabi/12.3.1/../../../../arm-none-eabi/lib/thumb/v7e-m/nofp/libm.a
LOAD /opt/st/stm32cubeide_1.15.0/plugins/com.st.stm32cube.ide.mcu.externaltools.gnu-tools-for-stm32.12.3.rel1.linux64_1.0.100.202403111256/tools/bin/../lib/gcc/arm-none-eabi/12.3.1/thumb/v7e-m/nofp/libgcc.a

.debug_info     0x00000000      0xa9d
 .debug_info    0x00000000      0x121 ./Src/main.o
 .debug_info    0x00000121      0x53c ./Src/system_stm32f4xx.o
 .debug_info    0x0000065d      0x410 ./Src/uart.o
 .debug_info    0x00000a6d       0x30 ./Startup/startup_stm32f407vgtx.o

.debug_abbrev   0x00000000      0x38f
 .debug_abbrev  0x00000000       0xca ./Src/main.o
 .debug_abbrev  0x000000ca      0x158 ./Src/system_stm32f4xx.o
 .debug_abbrev  0x00000222      0x149 ./Src/uart.o
 .debug_abbrev  0x0000036b       0x24 ./Startup/startup_stm32f407vgtx.o

.debug_aranges  0x00000000       0xc0
 .debug_aranges
                0x00000000       0x20 ./Src/main.o
 .debug_aranges
                0x00000020       0x38 ./Src/system_stm32f4xx.o
 .debug_aranges
                0x00000058       0x40 ./Src/uart.o
 .debug_aranges
                0x00000098       0x28 ./Startup/startup_stm32f407vgtx.o

.debug_rnglists
                0x00000000       0x7e
 .debug_rnglists
                0x00000000       0x13 ./Src/main.o
 .debug_rnglists
                0x00000013       0x26 ./Src/system_stm32f4xx.o
 .debug_rnglists
                0x00000039       0x2c ./Src/uart.o
 .debug_rnglists
                0x00000065       0x19 ./Startup/startup_stm32f407vgtx.o

.debug_macro    0x00000000    0x18065
 .debug_macro   0x00000000      0x1f1 ./Src/main.o
 .debug_macro   0x000001f1       0x61 ./Src/main.o
 .debug_macro   0x00000252       0x24 ./Src/main.o
 .debug_macro   0x00000276       0x43 ./Src/main.o
 .debug_macro   0x000002b9       0x34 ./Src/main.o
 .debug_macro   0x000002ed       0x16 ./Src/main.o
 .debug_macro   0x00000303       0x9e ./Src/main.o
 .debug_macro   0x000003a1      0x369 ./Src/main.o
 .debug_macro   0x0000070a      0x10b ./Src/main.o
 .debug_macro   0x00000815       0x10 ./Src/main.o
 .debug_macro   0x00000825       0x16 ./Src/main.o
 .debug_macro   0x0000083b       0x43 ./Src/main.o
 .debug_macro   0x0000087e       0x34 ./Src/main.o
 .debug_macro   0x000008b2       0x10 ./Src/main.o
 .debug_macro   0x000008c2       0x58 ./Src/main.o
 .debug_macro   0x0000091a       0x8e ./Src/main.o
 .debug_macro   0x000009a8       0x1c ./Src/main.o
 .debug_macro   0x000009c4      0x177 ./Src/main.o
 .debug_macro   0x00000b3b       0x16 ./Src/main.o
 .debug_macro   0x00000b51       0x16 ./Src/main.o
 .debug_macro   0x00000b67      0x146 ./Src/main.o
 .debug_macro   0x00000cad       0x16 ./Src/main.o
 .debug_macro   0x00000cc3       0x35 ./Src/main.o
 .debug_macro   0x00000cf8       0x20 ./Src/main.o
 .debug_macro   0x00000d18       0x2e ./Src/main.o
 .debug_macro   0x00000d46       0x2f ./Src/main.o
 .debug_macro   0x00000d75       0x1c ./Src/main.o
 .debug_macro   0x00000d91       0x22 ./Src/main.o
 .debug_macro   0x00000db3       0xd9 ./Src/main.o
 .debug_macro   0x00000e8c     0x102d ./Src/main.o
 .debug_macro   0x00001eb9      0x11f ./Src/main.o
 .debug_macro   0x00001fd8       0x11 ./Src/main.o
 .debug_macro   0x00001fe9    0x15e3c ./Src/main.o
 .debug_macro   0x00017e25       0x4a ./Src/main.o
 .debug_macro   0x00017e6f       0x28 ./Src/main.o
 .debug_macro   0x00017e97       0xe0 ./Src/system_stm32f4xx.o
 .debug_macro   0x00017f77       0xee ./Src/uart.o

.debug_line     0x00000000     0x1016
 .debug_line    0x00000000      0x581 ./Src/main.o
 .debug_line    0x00000581      0x4d6 ./Src/system_stm32f4xx.o
 .debug_line    0x00000a57      0x544 ./Src/uart.o
 .debug_line    0x00000f9b       0x7b ./Startup/startup_stm32f407vgtx.o

.debug_str      0x00000000    0x8b819
 .debug_str     0x00000000    0x8b4b6 ./Src/main.o
                              0x8b6a1 (size before relaxing)
 .debug_str     0x0008b4b6      0x297 ./Src/system_stm32f4xx.o
                              0x87dbf (size before relaxing)
 .debug_str     0x0008b74d       0x8d ./Src/uart.o
                              0x87d40 (size before relaxing)
 .debug_str     0x0008b7da       0x3f ./Startup/startup_stm32f407vgtx.o
                                 0x7f (size before relaxing)

.comment        0x00000000       0x43
 .comment       0x00000000       0x43 ./Src/main.o
                                 0x44 (size before relaxing)
 .comment       0x00000043       0x44 ./Src/system_stm32f4xx.o
 .comment       0x00000043       0x44 ./Src/uart.o

.debug_frame    0x00000000      0x1d8
 .debug_frame   0x00000000       0x30 ./Src/main.o
 .debug_frame   0x00000030       0x84 ./Src/system_stm32f4xx.o
 .debug_frame   0x000000b4       0xd0 ./Src/uart.o
 .debug_frame   0x00000184       0x28 /opt/st/stm32cubeide_1.15.0/plugins/com.st.stm32cube.ide.mcu.externaltools.gnu-tools-for-stm32.12.3.rel1.linux64_1.0.100.202403111256/tools/bin/../lib/gcc/arm-none-eabi/12.3.1/../../../../arm-none-eabi/lib/thumb/v7e-m/nofp/libc_nano.a(libc_a-strupr.o)
 .debug_frame   0x000001ac       0x2c /opt/st/stm32cubeide_1.15.0/plugins/com.st.stm32cube.ide.mcu.externaltools.gnu-tools-for-stm32.12.3.rel1.linux64_1.0.100.202403111256/tools/bin/../lib/gcc/arm-none-eabi/12.3.1/../../../../arm-none-eabi/lib/thumb/v7e-m/nofp/libc_nano.a(libc_a-init.o)

.debug_loclists
                0x00000000       0x1f
 .debug_loclists
                0x00000000       0x1f ./Src/system_stm32f4xx.o

.debug_line_str
                0x00000000       0x63
 .debug_line_str
                0x00000000       0x63 ./Startup/startup_stm32f407vgtx.o
